<!doctype html public "-//w3c//dtd html 4.0 transitional//en">
<html><head>
<title>Static Call Graph - [.\Objects\Exercise12.axf]</title></head>
<body><HR>
<H1>Static Call Graph for image .\Objects\Exercise12.axf</H1><HR>
<BR><P>#&#060CALLGRAPH&#062# ARM Linker, 5060528: Last Updated: Wed Nov 30 17:14:45 2022
<BR><P>
<H3>Maximum Stack Usage =          0 bytes + Unknown(Cycles, Untraceable Function Pointers)</H3><H3>
Call chain for Maximum Stack Depth:</H3>

<P>
<H3>
Mutually Recursive functions
</H3> <LI><a href="#[1a]">PutChar</a>&nbsp;&nbsp;&nbsp;&rArr;&nbsp;&nbsp;&nbsp;<a href="#[1a]">PutChar</a><BR>
 <LI><a href="#[1]">Dummy_Handler</a>&nbsp;&nbsp;&nbsp;&rArr;&nbsp;&nbsp;&nbsp;<a href="#[1]">Dummy_Handler</a><BR>
</UL>
<P>
<H3>
Function Pointers
</H3><UL>
 <LI><a href="#[1]">Dummy_Handler</a> from start.o(Start) referenced 43 times from exercise12.o(RESET)
 <LI><a href="#[2]">HardFault_Handler</a> from start.o(Start) referenced from exercise12.o(RESET)
 <LI><a href="#[4]">PIT_ISR</a> from exercise12.o(MyCode) referenced from exercise12.o(RESET)
 <LI><a href="#[5]">Reset_Handler</a> from exercise12.o(MyCode) referenced from exercise12.o(RESET)
 <LI><a href="#[3]">UART0_ISR</a> from exercise12.o(MyCode) referenced from exercise12.o(RESET)
</UL>
<P>
<H3>
Global Symbols
</H3>
<P><STRONG><a name="[1c]"></a>Startup</STRONG> (Thumb, 14 bytes, Stack size 0 bytes, start.o(Start))
<BR><BR>[Calls]<UL><LI><a href="#[1e]">&gt;&gt;</a>&nbsp;&nbsp;&nbsp;SetClock48MHz
<LI><a href="#[1d]">&gt;&gt;</a>&nbsp;&nbsp;&nbsp;SystemInit
</UL>
<BR>[Called By]<UL><LI><a href="#[5]">&gt;&gt;</a>&nbsp;&nbsp;&nbsp;Reset_Handler
</UL>

<P><STRONG><a name="[1]"></a>Dummy_Handler</STRONG> (Thumb, 2 bytes, Stack size 0 bytes, start.o(Start))
<BR><BR>[Calls]<UL><LI><a href="#[1]">&gt;&gt;</a>&nbsp;&nbsp;&nbsp;Dummy_Handler
</UL>
<BR>[Called By]<UL><LI><a href="#[1]">&gt;&gt;</a>&nbsp;&nbsp;&nbsp;Dummy_Handler
</UL>
<BR>[Address Reference Count : 1]<UL><LI> exercise12.o(RESET)
</UL>
<P><STRONG><a name="[2]"></a>HardFault_Handler</STRONG> (Thumb, 0 bytes, Stack size 0 bytes, start.o(Start))
<BR>[Address Reference Count : 1]<UL><LI> exercise12.o(RESET)
</UL>
<P><STRONG><a name="[5]"></a>Reset_Handler</STRONG> (Thumb, 474 bytes, Stack size 0 bytes, exercise12.o(MyCode))
<BR><BR>[Calls]<UL><LI><a href="#[1c]">&gt;&gt;</a>&nbsp;&nbsp;&nbsp;Startup
<LI><a href="#[1b]">&gt;&gt;</a>&nbsp;&nbsp;&nbsp;PutStringSB
<LI><a href="#[1a]">&gt;&gt;</a>&nbsp;&nbsp;&nbsp;PutChar
<LI><a href="#[18]">&gt;&gt;</a>&nbsp;&nbsp;&nbsp;GetCharTime
<LI><a href="#[17]">&gt;&gt;</a>&nbsp;&nbsp;&nbsp;GetChar
<LI><a href="#[15]">&gt;&gt;</a>&nbsp;&nbsp;&nbsp;Init_UART0_IRQ
<LI><a href="#[12]">&gt;&gt;</a>&nbsp;&nbsp;&nbsp;PutNumU
<LI><a href="#[11]">&gt;&gt;</a>&nbsp;&nbsp;&nbsp;Init_PIT_IRQ
<LI><a href="#[10]">&gt;&gt;</a>&nbsp;&nbsp;&nbsp;TurnOffBlue
<LI><a href="#[f]">&gt;&gt;</a>&nbsp;&nbsp;&nbsp;TurnOffGreen
<LI><a href="#[e]">&gt;&gt;</a>&nbsp;&nbsp;&nbsp;TurnOffRed
<LI><a href="#[d]">&gt;&gt;</a>&nbsp;&nbsp;&nbsp;ToggleBlue
<LI><a href="#[c]">&gt;&gt;</a>&nbsp;&nbsp;&nbsp;ToggleGreen
<LI><a href="#[b]">&gt;&gt;</a>&nbsp;&nbsp;&nbsp;ToggleRed
<LI><a href="#[a]">&gt;&gt;</a>&nbsp;&nbsp;&nbsp;ToggleWhite
<LI><a href="#[9]">&gt;&gt;</a>&nbsp;&nbsp;&nbsp;LEDConfiguration
<LI><a href="#[8]">&gt;&gt;</a>&nbsp;&nbsp;&nbsp;RandomSeed
<LI><a href="#[7]">&gt;&gt;</a>&nbsp;&nbsp;&nbsp;StopTimer
<LI><a href="#[6]">&gt;&gt;</a>&nbsp;&nbsp;&nbsp;StartTimer
</UL>
<P>
<H3>
Local Symbols
</H3>
<P><STRONG><a name="[6]"></a>StartTimer</STRONG> (Thumb, 18 bytes, Stack size 0 bytes, exercise12.o(MyCode))
<BR><BR>[Called By]<UL><LI><a href="#[5]">&gt;&gt;</a>&nbsp;&nbsp;&nbsp;Reset_Handler
</UL>

<P><STRONG><a name="[7]"></a>StopTimer</STRONG> (Thumb, 12 bytes, Stack size 0 bytes, exercise12.o(MyCode))
<BR><BR>[Called By]<UL><LI><a href="#[5]">&gt;&gt;</a>&nbsp;&nbsp;&nbsp;Reset_Handler
</UL>

<P><STRONG><a name="[8]"></a>RandomSeed</STRONG> (Thumb, 28 bytes, Stack size 0 bytes, exercise12.o(MyCode))
<BR><BR>[Called By]<UL><LI><a href="#[5]">&gt;&gt;</a>&nbsp;&nbsp;&nbsp;Reset_Handler
</UL>

<P><STRONG><a name="[9]"></a>LEDConfiguration</STRONG> (Thumb, 26 bytes, Stack size 0 bytes, exercise12.o(MyCode))
<BR><BR>[Called By]<UL><LI><a href="#[5]">&gt;&gt;</a>&nbsp;&nbsp;&nbsp;Reset_Handler
</UL>

<P><STRONG><a name="[a]"></a>ToggleWhite</STRONG> (Thumb, 18 bytes, Stack size 0 bytes, exercise12.o(MyCode))
<BR><BR>[Calls]<UL><LI><a href="#[d]">&gt;&gt;</a>&nbsp;&nbsp;&nbsp;ToggleBlue
<LI><a href="#[c]">&gt;&gt;</a>&nbsp;&nbsp;&nbsp;ToggleGreen
<LI><a href="#[b]">&gt;&gt;</a>&nbsp;&nbsp;&nbsp;ToggleRed
</UL>
<BR>[Called By]<UL><LI><a href="#[5]">&gt;&gt;</a>&nbsp;&nbsp;&nbsp;Reset_Handler
</UL>

<P><STRONG><a name="[b]"></a>ToggleRed</STRONG> (Thumb, 12 bytes, Stack size 0 bytes, exercise12.o(MyCode))
<BR><BR>[Called By]<UL><LI><a href="#[5]">&gt;&gt;</a>&nbsp;&nbsp;&nbsp;Reset_Handler
<LI><a href="#[a]">&gt;&gt;</a>&nbsp;&nbsp;&nbsp;ToggleWhite
</UL>

<P><STRONG><a name="[c]"></a>ToggleGreen</STRONG> (Thumb, 12 bytes, Stack size 0 bytes, exercise12.o(MyCode))
<BR><BR>[Called By]<UL><LI><a href="#[5]">&gt;&gt;</a>&nbsp;&nbsp;&nbsp;Reset_Handler
<LI><a href="#[a]">&gt;&gt;</a>&nbsp;&nbsp;&nbsp;ToggleWhite
</UL>

<P><STRONG><a name="[d]"></a>ToggleBlue</STRONG> (Thumb, 12 bytes, Stack size 0 bytes, exercise12.o(MyCode))
<BR><BR>[Called By]<UL><LI><a href="#[5]">&gt;&gt;</a>&nbsp;&nbsp;&nbsp;Reset_Handler
<LI><a href="#[a]">&gt;&gt;</a>&nbsp;&nbsp;&nbsp;ToggleWhite
</UL>

<P><STRONG><a name="[e]"></a>TurnOffRed</STRONG> (Thumb, 12 bytes, Stack size 0 bytes, exercise12.o(MyCode))
<BR><BR>[Called By]<UL><LI><a href="#[5]">&gt;&gt;</a>&nbsp;&nbsp;&nbsp;Reset_Handler
</UL>

<P><STRONG><a name="[f]"></a>TurnOffGreen</STRONG> (Thumb, 12 bytes, Stack size 0 bytes, exercise12.o(MyCode))
<BR><BR>[Called By]<UL><LI><a href="#[5]">&gt;&gt;</a>&nbsp;&nbsp;&nbsp;Reset_Handler
</UL>

<P><STRONG><a name="[10]"></a>TurnOffBlue</STRONG> (Thumb, 12 bytes, Stack size 0 bytes, exercise12.o(MyCode))
<BR><BR>[Called By]<UL><LI><a href="#[5]">&gt;&gt;</a>&nbsp;&nbsp;&nbsp;Reset_Handler
</UL>

<P><STRONG><a name="[4]"></a>PIT_ISR</STRONG> (Thumb, 28 bytes, Stack size 0 bytes, exercise12.o(MyCode))
<BR>[Address Reference Count : 1]<UL><LI> exercise12.o(RESET)
</UL>
<P><STRONG><a name="[11]"></a>Init_PIT_IRQ</STRONG> (Thumb, 64 bytes, Stack size 0 bytes, exercise12.o(MyCode))
<BR><BR>[Called By]<UL><LI><a href="#[5]">&gt;&gt;</a>&nbsp;&nbsp;&nbsp;Reset_Handler
</UL>

<P><STRONG><a name="[12]"></a>PutNumU</STRONG> (Thumb, 38 bytes, Stack size 0 bytes, exercise12.o(MyCode))
<BR><BR>[Calls]<UL><LI><a href="#[1a]">&gt;&gt;</a>&nbsp;&nbsp;&nbsp;PutChar
<LI><a href="#[13]">&gt;&gt;</a>&nbsp;&nbsp;&nbsp;DIVU
</UL>
<BR>[Called By]<UL><LI><a href="#[5]">&gt;&gt;</a>&nbsp;&nbsp;&nbsp;Reset_Handler
</UL>

<P><STRONG><a name="[13]"></a>DIVU</STRONG> (Thumb, 60 bytes, Stack size 0 bytes, exercise12.o(MyCode))
<BR><BR>[Calls]<UL><LI><a href="#[1a]">&gt;&gt;</a>&nbsp;&nbsp;&nbsp;PutChar
</UL>
<BR>[Called By]<UL><LI><a href="#[12]">&gt;&gt;</a>&nbsp;&nbsp;&nbsp;PutNumU
</UL>

<P><STRONG><a name="[14]"></a>Dequeue</STRONG> (Thumb, 66 bytes, Stack size 0 bytes, exercise12.o(MyCode))
<BR><BR>[Called By]<UL><LI><a href="#[3]">&gt;&gt;</a>&nbsp;&nbsp;&nbsp;UART0_ISR
<LI><a href="#[18]">&gt;&gt;</a>&nbsp;&nbsp;&nbsp;GetCharTime
<LI><a href="#[17]">&gt;&gt;</a>&nbsp;&nbsp;&nbsp;GetChar
</UL>

<P><STRONG><a name="[15]"></a>Init_UART0_IRQ</STRONG> (Thumb, 160 bytes, Stack size 0 bytes, exercise12.o(MyCode))
<BR><BR>[Calls]<UL><LI><a href="#[16]">&gt;&gt;</a>&nbsp;&nbsp;&nbsp;InitQueue
</UL>
<BR>[Called By]<UL><LI><a href="#[5]">&gt;&gt;</a>&nbsp;&nbsp;&nbsp;Reset_Handler
</UL>

<P><STRONG><a name="[16]"></a>InitQueue</STRONG> (Thumb, 22 bytes, Stack size 0 bytes, exercise12.o(MyCode))
<BR><BR>[Called By]<UL><LI><a href="#[15]">&gt;&gt;</a>&nbsp;&nbsp;&nbsp;Init_UART0_IRQ
</UL>

<P><STRONG><a name="[17]"></a>GetChar</STRONG> (Thumb, 16 bytes, Stack size 0 bytes, exercise12.o(MyCode))
<BR><BR>[Calls]<UL><LI><a href="#[14]">&gt;&gt;</a>&nbsp;&nbsp;&nbsp;Dequeue
</UL>
<BR>[Called By]<UL><LI><a href="#[5]">&gt;&gt;</a>&nbsp;&nbsp;&nbsp;Reset_Handler
<LI><a href="#[1a]">&gt;&gt;</a>&nbsp;&nbsp;&nbsp;PutChar
</UL>

<P><STRONG><a name="[18]"></a>GetCharTime</STRONG> (Thumb, 32 bytes, Stack size 0 bytes, exercise12.o(MyCode))
<BR><BR>[Calls]<UL><LI><a href="#[14]">&gt;&gt;</a>&nbsp;&nbsp;&nbsp;Dequeue
</UL>
<BR>[Called By]<UL><LI><a href="#[5]">&gt;&gt;</a>&nbsp;&nbsp;&nbsp;Reset_Handler
</UL>

<P><STRONG><a name="[19]"></a>Enqueue</STRONG> (Thumb, 68 bytes, Stack size 0 bytes, exercise12.o(MyCode))
<BR><BR>[Called By]<UL><LI><a href="#[3]">&gt;&gt;</a>&nbsp;&nbsp;&nbsp;UART0_ISR
<LI><a href="#[1a]">&gt;&gt;</a>&nbsp;&nbsp;&nbsp;PutChar
</UL>

<P><STRONG><a name="[1a]"></a>PutChar</STRONG> (Thumb, 22 bytes, Stack size 0 bytes, exercise12.o(MyCode))
<BR><BR>[Calls]<UL><LI><a href="#[1a]">&gt;&gt;</a>&nbsp;&nbsp;&nbsp;PutChar
<LI><a href="#[19]">&gt;&gt;</a>&nbsp;&nbsp;&nbsp;Enqueue
<LI><a href="#[17]">&gt;&gt;</a>&nbsp;&nbsp;&nbsp;GetChar
</UL>
<BR>[Called By]<UL><LI><a href="#[5]">&gt;&gt;</a>&nbsp;&nbsp;&nbsp;Reset_Handler
<LI><a href="#[1b]">&gt;&gt;</a>&nbsp;&nbsp;&nbsp;PutStringSB
<LI><a href="#[1a]">&gt;&gt;</a>&nbsp;&nbsp;&nbsp;PutChar
<LI><a href="#[13]">&gt;&gt;</a>&nbsp;&nbsp;&nbsp;DIVU
<LI><a href="#[12]">&gt;&gt;</a>&nbsp;&nbsp;&nbsp;PutNumU
</UL>

<P><STRONG><a name="[1b]"></a>PutStringSB</STRONG> (Thumb, 32 bytes, Stack size 0 bytes, exercise12.o(MyCode))
<BR><BR>[Calls]<UL><LI><a href="#[1a]">&gt;&gt;</a>&nbsp;&nbsp;&nbsp;PutChar
</UL>
<BR>[Called By]<UL><LI><a href="#[5]">&gt;&gt;</a>&nbsp;&nbsp;&nbsp;Reset_Handler
</UL>

<P><STRONG><a name="[3]"></a>UART0_ISR</STRONG> (Thumb, 56 bytes, Stack size 0 bytes, exercise12.o(MyCode))
<BR><BR>[Calls]<UL><LI><a href="#[19]">&gt;&gt;</a>&nbsp;&nbsp;&nbsp;Enqueue
<LI><a href="#[14]">&gt;&gt;</a>&nbsp;&nbsp;&nbsp;Dequeue
</UL>
<BR>[Address Reference Count : 1]<UL><LI> exercise12.o(RESET)
</UL>
<P><STRONG><a name="[1d]"></a>SystemInit</STRONG> (Thumb, 54 bytes, Stack size 0 bytes, start.o(Start))
<BR><BR>[Called By]<UL><LI><a href="#[1c]">&gt;&gt;</a>&nbsp;&nbsp;&nbsp;Startup
</UL>

<P><STRONG><a name="[1e]"></a>SetClock48MHz</STRONG> (Thumb, 82 bytes, Stack size 0 bytes, start.o(Start))
<BR><BR>[Called By]<UL><LI><a href="#[1c]">&gt;&gt;</a>&nbsp;&nbsp;&nbsp;Startup
</UL>
<P>
<H3>
Undefined Global Symbols
</H3><HR></body></html>
